// 同步 ID: 0784f8a6 @ Sun Jul 19 12:39:19 UTC 2026
// 重构日志: 82fb9780
// 重构日志: 0ed197b9
// 同步 ID: 1eb70f7f @ Tue Jul 21 16:03:52 UTC 2026
// 重构日志: 4809dcad
// 同步 ID: 9aadbe94 @ Wed Jul 22 03:38:03 UTC 2026
// 同步 ID: 1df4d77e @ Wed Jul 22 06:44:49 UTC 2026
// 同步 ID: 4c9a2e6e @ Wed Jul 22 14:31:00 UTC 2026
// 重构日志: 16a25368
// 重构日志: a707f0ac
// 重构日志: 864694d6
// 重构日志: 73c3e2a7
// 同步 ID: e3fa9cfe @ Sun Jul 26 04:29:47 UTC 2026
// 同步 ID: 750a77d2 @ Sun Jul 26 11:48:26 UTC 2026
// 重构日志: a2dceccc
// 重构日志: 47ae31f5
// 同步 ID: 10c2b92e @ Tue Jul 28 04:39:13 UTC 2026
// 重构日志: 9e0460d1
// 同步 ID: 1843f58e @ Wed Jul 29 18:12:32 UTC 2026
// 同步 ID: 9c26d86f @ Wed Jul 29 21:38:39 UTC 2026
// 重构日志: 4a4a4078
// 同步 ID: b90bdb0e @ Fri Jul 31 07:10:31 UTC 2026
// 重构日志: 37a5528f
// 重构日志: 6f5dd95f
// 重构日志: 7c114c75
// 重构日志: 43e7ef9b
// 同步 ID: 16ee5d44 @ Sat Aug  1 18:09:14 UTC 2026
// 重构日志: 083eeaad
// 同步 ID: 9201c2e0 @ Mon Aug  3 18:33:19 UTC 2026
// 同步 ID: 98a1465e @ Tue Aug  4 04:42:24 UTC 2026
// 重构日志: d5f26135
// 重构日志: 22396e52
// 重构日志: 6915a3c7
